Fetching 6 files:   0%|          | 0/6 [00:00<?, ?it/s]Fetching 6 files: 100%|██████████| 6/6 [00:00<00:00, 1497.34it/s]
[01:03:30] device=mps seed=43 train=11,670 val=2,334 micro_batch=2 grad_accum=16 epochs=4 updates=1,460 warmup=146 lr_scale=1.0 rl=False checkpointing=True abort=True
[01:04:53] epoch 1/4 · 200/11,670 tickets · loss 0.4163 (last 100: ce 0.416, rl -0.109) · mps 8.7 GB · epoch ETA 1.32 h
[01:06:13] epoch 1/4 · 400/11,670 tickets · loss 0.4114 (last 100: ce 0.406, rl -0.008) · mps 8.7 GB · epoch ETA 1.28 h
[01:08:00] epoch 1/4 · 600/11,670 tickets · loss 0.3752 (last 100: ce 0.303, rl -0.034) · mps 8.7 GB · epoch ETA 1.38 h
[01:09:45] epoch 1/4 · 800/11,670 tickets · loss 0.3846 (last 100: ce 0.413, rl -0.012) · mps 8.7 GB · epoch ETA 1.42 h
[01:11:34] epoch 1/4 · 1,000/11,670 tickets · loss 0.3943 (last 100: ce 0.433, rl +0.006) · mps 8.7 GB · epoch ETA 1.43 h
[01:13:24] epoch 1/4 · 1,200/11,670 tickets · loss 0.3969 (last 100: ce 0.410, rl -0.088) · mps 8.7 GB · epoch ETA 1.44 h
[01:15:15] epoch 1/4 · 1,400/11,670 tickets · loss 0.3905 (last 100: ce 0.352, rl -0.090) · mps 8.7 GB · epoch ETA 1.44 h
[01:17:13] epoch 1/4 · 1,600/11,670 tickets · loss 0.3789 (last 100: ce 0.297, rl -0.037) · mps 8.7 GB · epoch ETA 1.44 h
[01:19:08] epoch 1/4 · 1,800/11,670 tickets · loss 0.3777 (last 100: ce 0.369, rl -0.063) · mps 8.7 GB · epoch ETA 1.43 h
[01:21:05] epoch 1/4 · 2,000/11,670 tickets · loss 0.3782 (last 100: ce 0.383, rl -0.039) · mps 8.7 GB · epoch ETA 1.42 h
[01:23:06] epoch 1/4 · 2,200/11,670 tickets · loss 0.3760 (last 100: ce 0.354, rl -0.054) · mps 8.7 GB · epoch ETA 1.41 h
[01:25:10] epoch 1/4 · 2,400/11,670 tickets · loss 0.3778 (last 100: ce 0.397, rl -0.014) · mps 8.7 GB · epoch ETA 1.39 h
[01:27:08] epoch 1/4 · 2,600/11,670 tickets · loss 0.3735 (last 100: ce 0.322, rl -0.035) · mps 8.7 GB · epoch ETA 1.37 h
[01:29:11] epoch 1/4 · 2,800/11,670 tickets · loss 0.3750 (last 100: ce 0.394, rl -0.024) · mps 8.7 GB · epoch ETA 1.36 h
[01:31:14] epoch 1/4 · 3,000/11,670 tickets · loss 0.3751 (last 100: ce 0.377, rl -0.021) · mps 8.7 GB · epoch ETA 1.34 h
[01:33:20] epoch 1/4 · 3,200/11,670 tickets · loss 0.3756 (last 100: ce 0.383, rl -0.052) · mps 8.7 GB · epoch ETA 1.32 h
[01:35:25] epoch 1/4 · 3,400/11,670 tickets · loss 0.3741 (last 100: ce 0.350, rl -0.046) · mps 8.7 GB · epoch ETA 1.29 h
[01:37:31] epoch 1/4 · 3,600/11,670 tickets · loss 0.3725 (last 100: ce 0.345, rl -0.065) · mps 8.7 GB · epoch ETA 1.27 h
[01:39:30] epoch 1/4 · 3,800/11,670 tickets · loss 0.3726 (last 100: ce 0.375, rl -0.128) · mps 8.7 GB · epoch ETA 1.24 h
[01:41:28] epoch 1/4 · 4,000/11,670 tickets · loss 0.3717 (last 100: ce 0.354, rl -0.082) · mps 8.7 GB · epoch ETA 1.21 h
[01:43:25] epoch 1/4 · 4,200/11,670 tickets · loss 0.3723 (last 100: ce 0.384, rl -0.004) · mps 8.7 GB · epoch ETA 1.18 h
[01:45:25] epoch 1/4 · 4,400/11,670 tickets · loss 0.3743 (last 100: ce 0.418, rl -0.051) · mps 8.7 GB · epoch ETA 1.15 h
[01:47:21] epoch 1/4 · 4,600/11,670 tickets · loss 0.3726 (last 100: ce 0.334, rl -0.122) · mps 8.7 GB · epoch ETA 1.12 h
[01:49:20] epoch 1/4 · 4,800/11,670 tickets · loss 0.3695 (last 100: ce 0.299, rl -0.120) · mps 8.7 GB · epoch ETA 1.09 h
[01:51:20] epoch 1/4 · 5,000/11,670 tickets · loss 0.3707 (last 100: ce 0.400, rl -0.045) · mps 8.7 GB · epoch ETA 1.06 h
[01:53:18] epoch 1/4 · 5,200/11,670 tickets · loss 0.3696 (last 100: ce 0.343, rl +0.024) · mps 8.7 GB · epoch ETA 1.03 h
[01:55:16] epoch 1/4 · 5,400/11,670 tickets · loss 0.3702 (last 100: ce 0.386, rl +0.018) · mps 8.7 GB · epoch ETA 1.00 h
[01:57:22] epoch 1/4 · 5,600/11,670 tickets · loss 0.3734 (last 100: ce 0.459, rl +0.079) · mps 8.7 GB · epoch ETA 0.97 h
[01:59:26] epoch 1/4 · 5,800/11,670 tickets · loss 0.3717 (last 100: ce 0.325, rl -0.136) · mps 8.7 GB · epoch ETA 0.94 h
[02:01:31] epoch 1/4 · 6,000/11,670 tickets · loss 0.3732 (last 100: ce 0.416, rl -0.045) · mps 8.7 GB · epoch ETA 0.91 h
[02:03:36] epoch 1/4 · 6,200/11,670 tickets · loss 0.3733 (last 100: ce 0.375, rl +0.144) · mps 8.7 GB · epoch ETA 0.88 h
[02:05:44] epoch 1/4 · 6,400/11,670 tickets · loss 0.3741 (last 100: ce 0.400, rl +0.016) · mps 8.7 GB · epoch ETA 0.85 h
[02:07:51] epoch 1/4 · 6,600/11,670 tickets · loss 0.3728 (last 100: ce 0.331, rl +0.006) · mps 8.7 GB · epoch ETA 0.82 h
[02:09:56] epoch 1/4 · 6,800/11,670 tickets · loss 0.3752 (last 100: ce 0.454, rl -0.114) · mps 8.7 GB · epoch ETA 0.79 h
[02:12:00] epoch 1/4 · 7,000/11,670 tickets · loss 0.3745 (last 100: ce 0.350, rl -0.011) · mps 8.7 GB · epoch ETA 0.76 h
[02:14:08] epoch 1/4 · 7,200/11,670 tickets · loss 0.3736 (last 100: ce 0.342, rl -0.090) · mps 8.7 GB · epoch ETA 0.73 h
[02:16:17] epoch 1/4 · 7,400/11,670 tickets · loss 0.3732 (last 100: ce 0.359, rl -0.107) · mps 8.7 GB · epoch ETA 0.70 h
[02:18:22] epoch 1/4 · 7,600/11,670 tickets · loss 0.3742 (last 100: ce 0.410, rl -0.037) · mps 8.7 GB · epoch ETA 0.67 h
[02:20:26] epoch 1/4 · 7,800/11,670 tickets · loss 0.3725 (last 100: ce 0.308, rl -0.123) · mps 8.7 GB · epoch ETA 0.64 h
[02:22:28] epoch 1/4 · 8,000/11,670 tickets · loss 0.3733 (last 100: ce 0.407, rl -0.105) · mps 8.7 GB · epoch ETA 0.60 h
[02:24:30] epoch 1/4 · 8,200/11,670 tickets · loss 0.3730 (last 100: ce 0.359, rl -0.090) · mps 8.7 GB · epoch ETA 0.57 h
[02:26:31] epoch 1/4 · 8,400/11,670 tickets · loss 0.3724 (last 100: ce 0.351, rl -0.048) · mps 8.7 GB · epoch ETA 0.54 h
[02:28:33] epoch 1/4 · 8,600/11,670 tickets · loss 0.3730 (last 100: ce 0.394, rl -0.008) · mps 8.7 GB · epoch ETA 0.51 h
[02:30:37] epoch 1/4 · 8,800/11,670 tickets · loss 0.3727 (last 100: ce 0.360, rl -0.042) · mps 8.7 GB · epoch ETA 0.47 h
[02:32:40] epoch 1/4 · 9,000/11,670 tickets · loss 0.3723 (last 100: ce 0.355, rl -0.028) · mps 8.7 GB · epoch ETA 0.44 h
[02:34:47] epoch 1/4 · 9,200/11,670 tickets · loss 0.3720 (last 100: ce 0.361, rl -0.097) · mps 8.7 GB · epoch ETA 0.41 h
[02:36:49] epoch 1/4 · 9,400/11,670 tickets · loss 0.3728 (last 100: ce 0.406, rl -0.055) · mps 8.7 GB · epoch ETA 0.38 h
[02:38:53] epoch 1/4 · 9,600/11,670 tickets · loss 0.3718 (last 100: ce 0.325, rl -0.043) · mps 8.7 GB · epoch ETA 0.34 h
[02:40:54] epoch 1/4 · 9,800/11,670 tickets · loss 0.3709 (last 100: ce 0.332, rl -0.127) · mps 8.7 GB · epoch ETA 0.31 h
[02:42:56] epoch 1/4 · 10,000/11,670 tickets · loss 0.3701 (last 100: ce 0.328, rl -0.089) · mps 8.7 GB · epoch ETA 0.28 h
[02:44:57] epoch 1/4 · 10,200/11,670 tickets · loss 0.3699 (last 100: ce 0.361, rl -0.004) · mps 8.7 GB · epoch ETA 0.24 h
[02:46:57] epoch 1/4 · 10,400/11,670 tickets · loss 0.3691 (last 100: ce 0.329, rl -0.078) · mps 8.7 GB · epoch ETA 0.21 h
[02:48:59] epoch 1/4 · 10,600/11,670 tickets · loss 0.3680 (last 100: ce 0.308, rl -0.020) · mps 8.7 GB · epoch ETA 0.18 h
[02:51:01] epoch 1/4 · 10,800/11,670 tickets · loss 0.3665 (last 100: ce 0.288, rl -0.015) · mps 8.7 GB · epoch ETA 0.14 h
[02:52:59] epoch 1/4 · 11,000/11,670 tickets · loss 0.3670 (last 100: ce 0.395, rl -0.073) · mps 8.7 GB · epoch ETA 0.11 h
[02:55:00] epoch 1/4 · 11,200/11,670 tickets · loss 0.3656 (last 100: ce 0.287, rl -0.028) · mps 8.7 GB · epoch ETA 0.08 h
[02:57:04] epoch 1/4 · 11,400/11,670 tickets · loss 0.3661 (last 100: ce 0.395, rl -0.015) · mps 8.7 GB · epoch ETA 0.04 h
[02:59:05] epoch 1/4 · 11,600/11,670 tickets · loss 0.3671 (last 100: ce 0.427, rl -0.103) · mps 8.7 GB · epoch ETA 0.01 h
[03:04:17] EPOCH 1 done · 1.94 h · 365 updates · avg loss 0.3666 · validation accuracy 0.8012 (0.110 s/ticket) · saved checkpoints/seed43/epoch1
[03:06:27] epoch 2/4 · 200/11,670 tickets · loss 0.2896 (last 100: ce 0.290, rl -0.075) · mps 8.7 GB · epoch ETA 2.06 h
[03:08:31] epoch 2/4 · 400/11,670 tickets · loss 0.2672 (last 100: ce 0.245, rl +0.024) · mps 8.7 GB · epoch ETA 1.99 h
[03:10:34] epoch 2/4 · 600/11,670 tickets · loss 0.2566 (last 100: ce 0.235, rl -0.080) · mps 8.7 GB · epoch ETA 1.93 h
[03:12:39] epoch 2/4 · 800/11,670 tickets · loss 0.2663 (last 100: ce 0.295, rl -0.128) · mps 8.7 GB · epoch ETA 1.89 h
[03:14:47] epoch 2/4 · 1,000/11,670 tickets · loss 0.2646 (last 100: ce 0.258, rl -0.097) · mps 8.7 GB · epoch ETA 1.87 h
[03:16:52] epoch 2/4 · 1,200/11,670 tickets · loss 0.2577 (last 100: ce 0.223, rl -0.023) · mps 8.7 GB · epoch ETA 1.83 h
[03:18:56] epoch 2/4 · 1,400/11,670 tickets · loss 0.2456 (last 100: ce 0.173, rl -0.057) · mps 8.7 GB · epoch ETA 1.79 h
[03:21:00] epoch 2/4 · 1,600/11,670 tickets · loss 0.2510 (last 100: ce 0.289, rl -0.043) · mps 8.7 GB · epoch ETA 1.75 h
[03:23:04] epoch 2/4 · 1,800/11,670 tickets · loss 0.2549 (last 100: ce 0.286, rl -0.097) · mps 8.7 GB · epoch ETA 1.72 h
[03:25:10] epoch 2/4 · 2,000/11,670 tickets · loss 0.2513 (last 100: ce 0.219, rl +0.025) · mps 8.7 GB · epoch ETA 1.68 h
[03:27:11] epoch 2/4 · 2,200/11,670 tickets · loss 0.2464 (last 100: ce 0.197, rl -0.062) · mps 8.7 GB · epoch ETA 1.64 h
[03:29:09] epoch 2/4 · 2,400/11,670 tickets · loss 0.2487 (last 100: ce 0.274, rl -0.124) · mps 8.7 GB · epoch ETA 1.60 h
[03:31:07] epoch 2/4 · 2,600/11,670 tickets · loss 0.2508 (last 100: ce 0.276, rl -0.074) · mps 8.7 GB · epoch ETA 1.56 h
[03:33:07] epoch 2/4 · 2,800/11,670 tickets · loss 0.2482 (last 100: ce 0.214, rl -0.072) · mps 8.7 GB · epoch ETA 1.52 h
[03:35:07] epoch 2/4 · 3,000/11,670 tickets · loss 0.2444 (last 100: ce 0.191, rl -0.010) · mps 8.7 GB · epoch ETA 1.49 h
[03:37:06] epoch 2/4 · 3,200/11,670 tickets · loss 0.2429 (last 100: ce 0.222, rl +0.012) · mps 8.7 GB · epoch ETA 1.45 h
[03:39:02] epoch 2/4 · 3,400/11,670 tickets · loss 0.2399 (last 100: ce 0.191, rl -0.005) · mps 8.7 GB · epoch ETA 1.41 h
[03:41:00] epoch 2/4 · 3,600/11,670 tickets · loss 0.2369 (last 100: ce 0.185, rl -0.078) · mps 8.7 GB · epoch ETA 1.37 h
[03:43:00] epoch 2/4 · 3,800/11,670 tickets · loss 0.2361 (last 100: ce 0.222, rl -0.048) · mps 8.7 GB · epoch ETA 1.34 h
[03:45:01] epoch 2/4 · 4,000/11,670 tickets · loss 0.2347 (last 100: ce 0.209, rl -0.043) · mps 8.7 GB · epoch ETA 1.30 h
[03:46:59] epoch 2/4 · 4,200/11,670 tickets · loss 0.2351 (last 100: ce 0.243, rl -0.030) · mps 8.7 GB · epoch ETA 1.27 h
[03:49:07] epoch 2/4 · 4,400/11,670 tickets · loss 0.2339 (last 100: ce 0.208, rl -0.140) · mps 8.7 GB · epoch ETA 1.23 h
[03:51:07] epoch 2/4 · 4,600/11,670 tickets · loss 0.2327 (last 100: ce 0.206, rl -0.012) · mps 8.7 GB · epoch ETA 1.20 h
[03:53:09] epoch 2/4 · 4,800/11,670 tickets · loss 0.2306 (last 100: ce 0.184, rl -0.080) · mps 8.7 GB · epoch ETA 1.17 h
[03:55:12] epoch 2/4 · 5,000/11,670 tickets · loss 0.2303 (last 100: ce 0.223, rl +0.021) · mps 8.7 GB · epoch ETA 1.13 h
[03:57:12] epoch 2/4 · 5,200/11,670 tickets · loss 0.2291 (last 100: ce 0.198, rl -0.045) · mps 8.7 GB · epoch ETA 1.10 h
[03:59:11] epoch 2/4 · 5,400/11,670 tickets · loss 0.2281 (last 100: ce 0.203, rl -0.059) · mps 8.7 GB · epoch ETA 1.06 h
[04:01:15] epoch 2/4 · 5,600/11,670 tickets · loss 0.2280 (last 100: ce 0.225, rl +0.092) · mps 8.7 GB · epoch ETA 1.03 h
[04:03:20] epoch 2/4 · 5,800/11,670 tickets · loss 0.2249 (last 100: ce 0.137, rl -0.055) · mps 8.7 GB · epoch ETA 1.00 h
[04:05:24] epoch 2/4 · 6,000/11,670 tickets · loss 0.2232 (last 100: ce 0.175, rl -0.121) · mps 8.7 GB · epoch ETA 0.96 h
[04:07:21] epoch 2/4 · 6,200/11,670 tickets · loss 0.2221 (last 100: ce 0.189, rl -0.023) · mps 8.7 GB · epoch ETA 0.93 h
[04:09:19] epoch 2/4 · 6,400/11,670 tickets · loss 0.2198 (last 100: ce 0.150, rl -0.001) · mps 8.7 GB · epoch ETA 0.89 h
[04:11:21] epoch 2/4 · 6,600/11,670 tickets · loss 0.2194 (last 100: ce 0.205, rl -0.053) · mps 8.7 GB · epoch ETA 0.86 h
[04:13:24] epoch 2/4 · 6,800/11,670 tickets · loss 0.2186 (last 100: ce 0.192, rl -0.013) · mps 8.7 GB · epoch ETA 0.82 h
[04:15:25] epoch 2/4 · 7,000/11,670 tickets · loss 0.2175 (last 100: ce 0.182, rl -0.121) · mps 8.7 GB · epoch ETA 0.79 h
[04:17:28] epoch 2/4 · 7,200/11,670 tickets · loss 0.2172 (last 100: ce 0.205, rl -0.064) · mps 8.7 GB · epoch ETA 0.76 h
[04:19:28] epoch 2/4 · 7,400/11,670 tickets · loss 0.2161 (last 100: ce 0.177, rl -0.047) · mps 8.7 GB · epoch ETA 0.72 h
[04:21:34] epoch 2/4 · 7,600/11,670 tickets · loss 0.2151 (last 100: ce 0.177, rl -0.043) · mps 8.7 GB · epoch ETA 0.69 h
[04:23:34] epoch 2/4 · 7,800/11,670 tickets · loss 0.2134 (last 100: ce 0.149, rl +0.012) · mps 8.7 GB · epoch ETA 0.66 h
[04:25:38] epoch 2/4 · 8,000/11,670 tickets · loss 0.2113 (last 100: ce 0.129, rl -0.109) · mps 8.7 GB · epoch ETA 0.62 h
[04:27:35] epoch 2/4 · 8,200/11,670 tickets · loss 0.2096 (last 100: ce 0.142, rl -0.011) · mps 8.7 GB · epoch ETA 0.59 h
[04:29:34] epoch 2/4 · 8,400/11,670 tickets · loss 0.2099 (last 100: ce 0.222, rl -0.078) · mps 8.7 GB · epoch ETA 0.55 h
[04:31:36] epoch 2/4 · 8,600/11,670 tickets · loss 0.2088 (last 100: ce 0.162, rl -0.079) · mps 8.7 GB · epoch ETA 0.52 h
[04:33:38] epoch 2/4 · 8,800/11,670 tickets · loss 0.2081 (last 100: ce 0.178, rl +0.050) · mps 8.7 GB · epoch ETA 0.49 h
[04:35:37] epoch 2/4 · 9,000/11,670 tickets · loss 0.2096 (last 100: ce 0.279, rl -0.024) · mps 8.7 GB · epoch ETA 0.45 h
[04:37:35] epoch 2/4 · 9,200/11,670 tickets · loss 0.2095 (last 100: ce 0.204, rl -0.092) · mps 8.7 GB · epoch ETA 0.42 h
[04:39:33] epoch 2/4 · 9,400/11,670 tickets · loss 0.2098 (last 100: ce 0.225, rl -0.081) · mps 8.7 GB · epoch ETA 0.38 h
[04:41:33] epoch 2/4 · 9,600/11,670 tickets · loss 0.2090 (last 100: ce 0.170, rl -0.055) · mps 8.7 GB · epoch ETA 0.35 h
[04:43:30] epoch 2/4 · 9,800/11,670 tickets · loss 0.2084 (last 100: ce 0.178, rl -0.080) · mps 8.7 GB · epoch ETA 0.32 h
[04:45:30] epoch 2/4 · 10,000/11,670 tickets · loss 0.2078 (last 100: ce 0.178, rl -0.038) · mps 8.7 GB · epoch ETA 0.28 h
[04:47:30] epoch 2/4 · 10,200/11,670 tickets · loss 0.2075 (last 100: ce 0.194, rl -0.017) · mps 8.7 GB · epoch ETA 0.25 h
[04:49:35] epoch 2/4 · 10,400/11,670 tickets · loss 0.2066 (last 100: ce 0.159, rl +0.026) · mps 8.7 GB · epoch ETA 0.21 h
[04:51:38] epoch 2/4 · 10,600/11,670 tickets · loss 0.2071 (last 100: ce 0.233, rl -0.012) · mps 8.7 GB · epoch ETA 0.18 h
[04:53:38] epoch 2/4 · 10,800/11,670 tickets · loss 0.2055 (last 100: ce 0.123, rl -0.017) · mps 8.7 GB · epoch ETA 0.15 h
[04:55:38] epoch 2/4 · 11,000/11,670 tickets · loss 0.2047 (last 100: ce 0.159, rl +0.033) · mps 8.7 GB · epoch ETA 0.11 h
[04:57:44] epoch 2/4 · 11,200/11,670 tickets · loss 0.2048 (last 100: ce 0.214, rl -0.076) · mps 8.7 GB · epoch ETA 0.08 h
[04:59:44] epoch 2/4 · 11,400/11,670 tickets · loss 0.2046 (last 100: ce 0.192, rl -0.011) · mps 8.7 GB · epoch ETA 0.05 h
[05:01:41] epoch 2/4 · 11,600/11,670 tickets · loss 0.2047 (last 100: ce 0.209, rl -0.064) · mps 8.7 GB · epoch ETA 0.01 h
[05:06:45] EPOCH 2 done · 1.97 h · 365 updates · avg loss 0.2046 · validation accuracy 0.7956 (0.106 s/ticket) · saved checkpoints/seed43/epoch2
[05:08:46] epoch 3/4 · 200/11,670 tickets · loss 0.0749 (last 100: ce 0.075, rl -0.055) · mps 8.7 GB · epoch ETA 1.94 h
[05:10:44] epoch 3/4 · 400/11,670 tickets · loss 0.0774 (last 100: ce 0.080, rl -0.076) · mps 8.7 GB · epoch ETA 1.87 h
[05:12:41] epoch 3/4 · 600/11,670 tickets · loss 0.0929 (last 100: ce 0.124, rl -0.058) · mps 8.7 GB · epoch ETA 1.83 h
[05:14:41] epoch 3/4 · 800/11,670 tickets · loss 0.0750 (last 100: ce 0.021, rl -0.014) · mps 8.7 GB · epoch ETA 1.80 h
[05:16:38] epoch 3/4 · 1,000/11,670 tickets · loss 0.0753 (last 100: ce 0.077, rl -0.110) · mps 8.7 GB · epoch ETA 1.76 h
[05:18:44] epoch 3/4 · 1,200/11,670 tickets · loss 0.0757 (last 100: ce 0.078, rl -0.101) · mps 8.7 GB · epoch ETA 1.74 h
[05:20:41] epoch 3/4 · 1,400/11,670 tickets · loss 0.0675 (last 100: ce 0.018, rl -0.039) · mps 8.7 GB · epoch ETA 1.70 h
[05:22:39] epoch 3/4 · 1,600/11,670 tickets · loss 0.0666 (last 100: ce 0.061, rl -0.076) · mps 8.7 GB · epoch ETA 1.67 h
[05:24:37] epoch 3/4 · 1,800/11,670 tickets · loss 0.0676 (last 100: ce 0.075, rl -0.061) · mps 8.7 GB · epoch ETA 1.63 h
[05:26:36] epoch 3/4 · 2,000/11,670 tickets · loss 0.0632 (last 100: ce 0.024, rl -0.032) · mps 8.7 GB · epoch ETA 1.60 h
[05:28:33] epoch 3/4 · 2,200/11,670 tickets · loss 0.0645 (last 100: ce 0.077, rl -0.001) · mps 8.7 GB · epoch ETA 1.56 h
[05:30:33] epoch 3/4 · 2,400/11,670 tickets · loss 0.0630 (last 100: ce 0.047, rl -0.130) · mps 8.7 GB · epoch ETA 1.53 h
[05:32:31] epoch 3/4 · 2,600/11,670 tickets · loss 0.0610 (last 100: ce 0.038, rl -0.059) · mps 8.7 GB · epoch ETA 1.50 h
[05:34:29] epoch 3/4 · 2,800/11,670 tickets · loss 0.0594 (last 100: ce 0.039, rl -0.049) · mps 8.7 GB · epoch ETA 1.46 h
[05:36:26] epoch 3/4 · 3,000/11,670 tickets · loss 0.0626 (last 100: ce 0.107, rl +0.018) · mps 8.7 GB · epoch ETA 1.43 h
[05:38:28] epoch 3/4 · 3,200/11,670 tickets · loss 0.0598 (last 100: ce 0.018, rl -0.059) · mps 8.7 GB · epoch ETA 1.40 h
[05:40:29] epoch 3/4 · 3,400/11,670 tickets · loss 0.0575 (last 100: ce 0.021, rl +0.017) · mps 8.7 GB · epoch ETA 1.37 h
[05:42:24] epoch 3/4 · 3,600/11,670 tickets · loss 0.0557 (last 100: ce 0.025, rl -0.059) · mps 8.7 GB · epoch ETA 1.33 h
[05:44:18] epoch 3/4 · 3,800/11,670 tickets · loss 0.0560 (last 100: ce 0.062, rl -0.053) · mps 8.7 GB · epoch ETA 1.30 h
[05:46:14] epoch 3/4 · 4,000/11,670 tickets · loss 0.0555 (last 100: ce 0.045, rl -0.106) · mps 8.7 GB · epoch ETA 1.26 h
[05:48:12] epoch 3/4 · 4,200/11,670 tickets · loss 0.0558 (last 100: ce 0.062, rl -0.067) · mps 8.7 GB · epoch ETA 1.23 h
[05:50:10] epoch 3/4 · 4,400/11,670 tickets · loss 0.0594 (last 100: ce 0.134, rl +0.021) · mps 8.7 GB · epoch ETA 1.20 h
[05:52:05] epoch 3/4 · 4,600/11,670 tickets · loss 0.0579 (last 100: ce 0.027, rl +0.015) · mps 8.7 GB · epoch ETA 1.16 h
[05:54:06] epoch 3/4 · 4,800/11,670 tickets · loss 0.0596 (last 100: ce 0.099, rl -0.048) · mps 8.7 GB · epoch ETA 1.13 h
[05:56:03] epoch 3/4 · 5,000/11,670 tickets · loss 0.0600 (last 100: ce 0.070, rl -0.083) · mps 8.7 GB · epoch ETA 1.10 h
[05:58:00] epoch 3/4 · 5,200/11,670 tickets · loss 0.0587 (last 100: ce 0.026, rl -0.049) · mps 8.7 GB · epoch ETA 1.06 h
[05:59:58] epoch 3/4 · 5,400/11,670 tickets · loss 0.0572 (last 100: ce 0.017, rl -0.148) · mps 8.7 GB · epoch ETA 1.03 h
[06:02:19] epoch 3/4 · 5,600/11,670 tickets · loss 0.0574 (last 100: ce 0.063, rl -0.052) · mps 8.7 GB · epoch ETA 1.00 h
[06:04:45] epoch 3/4 · 5,800/11,670 tickets · loss 0.0585 (last 100: ce 0.091, rl +0.002) · mps 8.7 GB · epoch ETA 0.98 h
[06:07:13] epoch 3/4 · 6,000/11,670 tickets · loss 0.0583 (last 100: ce 0.051, rl -0.050) · mps 8.7 GB · epoch ETA 0.95 h
[06:09:39] epoch 3/4 · 6,200/11,670 tickets · loss 0.0578 (last 100: ce 0.044, rl -0.056) · mps 8.7 GB · epoch ETA 0.93 h
[06:12:12] epoch 3/4 · 6,400/11,670 tickets · loss 0.0581 (last 100: ce 0.066, rl -0.066) · mps 8.7 GB · epoch ETA 0.90 h
[06:14:58] epoch 3/4 · 6,600/11,670 tickets · loss 0.0570 (last 100: ce 0.021, rl -0.004) · mps 8.7 GB · epoch ETA 0.87 h
[06:17:38] epoch 3/4 · 6,800/11,670 tickets · loss 0.0570 (last 100: ce 0.058, rl -0.028) · mps 8.7 GB · epoch ETA 0.85 h
[06:20:27] epoch 3/4 · 7,000/11,670 tickets · loss 0.0561 (last 100: ce 0.026, rl +0.011) · mps 8.7 GB · epoch ETA 0.82 h
[06:23:12] epoch 3/4 · 7,200/11,670 tickets · loss 0.0556 (last 100: ce 0.036, rl -0.054) · mps 8.7 GB · epoch ETA 0.79 h
[06:25:57] epoch 3/4 · 7,400/11,670 tickets · loss 0.0558 (last 100: ce 0.066, rl -0.023) · mps 8.7 GB · epoch ETA 0.76 h
[06:28:47] epoch 3/4 · 7,600/11,670 tickets · loss 0.0554 (last 100: ce 0.041, rl +0.004) · mps 8.7 GB · epoch ETA 0.73 h
[06:31:32] epoch 3/4 · 7,800/11,670 tickets · loss 0.0542 (last 100: ce 0.008, rl -0.116) · mps 8.7 GB · epoch ETA 0.70 h
[06:34:12] epoch 3/4 · 8,000/11,670 tickets · loss 0.0553 (last 100: ce 0.098, rl -0.130) · mps 8.7 GB · epoch ETA 0.67 h
[06:36:49] epoch 3/4 · 8,200/11,670 tickets · loss 0.0558 (last 100: ce 0.073, rl -0.068) · mps 8.7 GB · epoch ETA 0.64 h
[06:39:34] epoch 3/4 · 8,400/11,670 tickets · loss 0.0568 (last 100: ce 0.099, rl -0.086) · mps 8.7 GB · epoch ETA 0.60 h
[06:42:19] epoch 3/4 · 8,600/11,670 tickets · loss 0.0564 (last 100: ce 0.041, rl -0.089) · mps 8.7 GB · epoch ETA 0.57 h
[06:45:11] epoch 3/4 · 8,800/11,670 tickets · loss 0.0569 (last 100: ce 0.079, rl +0.008) · mps 8.7 GB · epoch ETA 0.54 h
[06:47:56] epoch 3/4 · 9,000/11,670 tickets · loss 0.0570 (last 100: ce 0.060, rl +0.013) · mps 8.7 GB · epoch ETA 0.50 h
[06:50:42] epoch 3/4 · 9,200/11,670 tickets · loss 0.0558 (last 100: ce 0.002, rl -0.056) · mps 8.7 GB · epoch ETA 0.47 h
[06:53:27] epoch 3/4 · 9,400/11,670 tickets · loss 0.0554 (last 100: ce 0.038, rl -0.106) · mps 8.7 GB · epoch ETA 0.43 h
[06:56:18] epoch 3/4 · 9,600/11,670 tickets · loss 0.0552 (last 100: ce 0.046, rl -0.108) · mps 8.7 GB · epoch ETA 0.39 h
[06:59:02] epoch 3/4 · 9,800/11,670 tickets · loss 0.0542 (last 100: ce 0.002, rl -0.078) · mps 8.7 GB · epoch ETA 0.36 h
[07:01:47] epoch 3/4 · 10,000/11,670 tickets · loss 0.0543 (last 100: ce 0.061, rl +0.012) · mps 8.7 GB · epoch ETA 0.32 h
[07:04:40] epoch 3/4 · 10,200/11,670 tickets · loss 0.0548 (last 100: ce 0.081, rl +0.051) · mps 8.7 GB · epoch ETA 0.28 h
[07:06:51] epoch 3/4 · 10,400/11,670 tickets · loss 0.0543 (last 100: ce 0.028, rl -0.060) · mps 8.7 GB · epoch ETA 0.24 h
[07:09:10] epoch 3/4 · 10,600/11,670 tickets · loss 0.0544 (last 100: ce 0.061, rl +0.024) · mps 8.7 GB · epoch ETA 0.21 h
[07:11:07] epoch 3/4 · 10,800/11,670 tickets · loss 0.0538 (last 100: ce 0.020, rl -0.064) · mps 8.7 GB · epoch ETA 0.17 h
[07:13:04] epoch 3/4 · 11,000/11,670 tickets · loss 0.0540 (last 100: ce 0.064, rl -0.077) · mps 8.7 GB · epoch ETA 0.13 h
[07:15:00] epoch 3/4 · 11,200/11,670 tickets · loss 0.0562 (last 100: ce 0.180, rl +0.012) · mps 8.7 GB · epoch ETA 0.09 h
[07:16:56] epoch 3/4 · 11,400/11,670 tickets · loss 0.0568 (last 100: ce 0.091, rl -0.064) · mps 8.7 GB · epoch ETA 0.05 h
[07:18:52] epoch 3/4 · 11,600/11,670 tickets · loss 0.0561 (last 100: ce 0.016, rl -0.057) · mps 8.7 GB · epoch ETA 0.01 h
[07:23:47] EPOCH 3 done · 2.21 h · 365 updates · avg loss 0.0558 · validation accuracy 0.7931 (0.102 s/ticket) · saved checkpoints/seed43/epoch3
[07:25:45] epoch 4/4 · 200/11,670 tickets · loss 0.0009 (last 100: ce 0.001, rl -0.020) · mps 8.7 GB · epoch ETA 1.88 h
[07:27:44] epoch 4/4 · 400/11,670 tickets · loss 0.0025 (last 100: ce 0.004, rl -0.129) · mps 8.7 GB · epoch ETA 1.86 h
[07:29:42] epoch 4/4 · 600/11,670 tickets · loss 0.0019 (last 100: ce 0.001, rl -0.052) · mps 8.7 GB · epoch ETA 1.82 h
[07:31:39] epoch 4/4 · 800/11,670 tickets · loss 0.0056 (last 100: ce 0.017, rl -0.053) · mps 8.7 GB · epoch ETA 1.78 h
[07:33:33] epoch 4/4 · 1,000/11,670 tickets · loss 0.0081 (last 100: ce 0.018, rl -0.003) · mps 8.7 GB · epoch ETA 1.74 h
[07:35:27] epoch 4/4 · 1,200/11,670 tickets · loss 0.0068 (last 100: ce 0.000, rl -0.037) · mps 8.7 GB · epoch ETA 1.70 h
[07:37:19] epoch 4/4 · 1,400/11,670 tickets · loss 0.0069 (last 100: ce 0.007, rl -0.022) · mps 8.7 GB · epoch ETA 1.66 h
[07:39:17] epoch 4/4 · 1,600/11,670 tickets · loss 0.0075 (last 100: ce 0.012, rl -0.102) · mps 8.7 GB · epoch ETA 1.63 h
[07:41:12] epoch 4/4 · 1,800/11,670 tickets · loss 0.0086 (last 100: ce 0.018, rl -0.069) · mps 8.7 GB · epoch ETA 1.59 h
[07:43:10] epoch 4/4 · 2,000/11,670 tickets · loss 0.0079 (last 100: ce 0.002, rl -0.042) · mps 8.7 GB · epoch ETA 1.56 h
[07:45:08] epoch 4/4 · 2,200/11,670 tickets · loss 0.0073 (last 100: ce 0.000, rl +0.071) · mps 8.7 GB · epoch ETA 1.53 h
[07:47:06] epoch 4/4 · 2,400/11,670 tickets · loss 0.0067 (last 100: ce 0.000, rl +0.044) · mps 8.7 GB · epoch ETA 1.50 h
[07:49:00] epoch 4/4 · 2,600/11,670 tickets · loss 0.0062 (last 100: ce 0.000, rl -0.045) · mps 8.7 GB · epoch ETA 1.47 h
[07:50:56] epoch 4/4 · 2,800/11,670 tickets · loss 0.0078 (last 100: ce 0.028, rl -0.042) · mps 8.7 GB · epoch ETA 1.43 h
[07:52:50] epoch 4/4 · 3,000/11,670 tickets · loss 0.0073 (last 100: ce 0.001, rl -0.039) · mps 8.7 GB · epoch ETA 1.40 h
[07:54:46] epoch 4/4 · 3,200/11,670 tickets · loss 0.0069 (last 100: ce 0.001, rl -0.013) · mps 8.7 GB · epoch ETA 1.37 h
[07:56:41] epoch 4/4 · 3,400/11,670 tickets · loss 0.0065 (last 100: ce 0.001, rl -0.094) · mps 8.7 GB · epoch ETA 1.33 h
[07:58:38] epoch 4/4 · 3,600/11,670 tickets · loss 0.0063 (last 100: ce 0.002, rl -0.070) · mps 8.7 GB · epoch ETA 1.30 h
[08:00:36] epoch 4/4 · 3,800/11,670 tickets · loss 0.0060 (last 100: ce 0.000, rl -0.036) · mps 8.7 GB · epoch ETA 1.27 h
[08:02:32] epoch 4/4 · 4,000/11,670 tickets · loss 0.0057 (last 100: ce 0.000, rl +0.012) · mps 8.7 GB · epoch ETA 1.24 h
[08:04:27] epoch 4/4 · 4,200/11,670 tickets · loss 0.0058 (last 100: ce 0.008, rl -0.006) · mps 8.7 GB · epoch ETA 1.21 h
[08:06:25] epoch 4/4 · 4,400/11,670 tickets · loss 0.0056 (last 100: ce 0.001, rl +0.040) · mps 8.7 GB · epoch ETA 1.17 h
[08:08:19] epoch 4/4 · 4,600/11,670 tickets · loss 0.0053 (last 100: ce 0.000, rl -0.057) · mps 8.7 GB · epoch ETA 1.14 h
[08:10:16] epoch 4/4 · 4,800/11,670 tickets · loss 0.0051 (last 100: ce 0.000, rl +0.005) · mps 8.7 GB · epoch ETA 1.11 h
[08:12:12] epoch 4/4 · 5,000/11,670 tickets · loss 0.0054 (last 100: ce 0.012, rl -0.066) · mps 8.7 GB · epoch ETA 1.08 h
[08:14:08] epoch 4/4 · 5,200/11,670 tickets · loss 0.0052 (last 100: ce 0.000, rl +0.036) · mps 8.7 GB · epoch ETA 1.04 h
[08:16:05] epoch 4/4 · 5,400/11,670 tickets · loss 0.0050 (last 100: ce 0.000, rl -0.033) · mps 8.7 GB · epoch ETA 1.01 h
[08:18:00] epoch 4/4 · 5,600/11,670 tickets · loss 0.0049 (last 100: ce 0.001, rl -0.048) · mps 8.7 GB · epoch ETA 0.98 h
[08:19:58] epoch 4/4 · 5,800/11,670 tickets · loss 0.0047 (last 100: ce 0.001, rl +0.016) · mps 8.7 GB · epoch ETA 0.95 h
[08:21:51] epoch 4/4 · 6,000/11,670 tickets · loss 0.0058 (last 100: ce 0.039, rl -0.048) · mps 8.7 GB · epoch ETA 0.91 h
[08:23:46] epoch 4/4 · 6,200/11,670 tickets · loss 0.0058 (last 100: ce 0.003, rl -0.032) · mps 8.7 GB · epoch ETA 0.88 h
[08:25:46] epoch 4/4 · 6,400/11,670 tickets · loss 0.0057 (last 100: ce 0.002, rl -0.000) · mps 8.7 GB · epoch ETA 0.85 h
[08:27:41] epoch 4/4 · 6,600/11,670 tickets · loss 0.0055 (last 100: ce 0.000, rl -0.009) · mps 8.7 GB · epoch ETA 0.82 h
[08:29:35] epoch 4/4 · 6,800/11,670 tickets · loss 0.0053 (last 100: ce 0.000, rl -0.049) · mps 8.7 GB · epoch ETA 0.79 h
[08:31:32] epoch 4/4 · 7,000/11,670 tickets · loss 0.0058 (last 100: ce 0.020, rl -0.044) · mps 8.7 GB · epoch ETA 0.75 h
[08:33:37] epoch 4/4 · 7,200/11,670 tickets · loss 0.0056 (last 100: ce 0.000, rl -0.016) · mps 8.7 GB · epoch ETA 0.72 h
[08:35:35] epoch 4/4 · 7,400/11,670 tickets · loss 0.0055 (last 100: ce 0.000, rl +0.012) · mps 8.7 GB · epoch ETA 0.69 h
[08:37:31] epoch 4/4 · 7,600/11,670 tickets · loss 0.0060 (last 100: ce 0.026, rl -0.031) · mps 8.7 GB · epoch ETA 0.66 h
[08:39:25] epoch 4/4 · 7,800/11,670 tickets · loss 0.0067 (last 100: ce 0.034, rl -0.033) · mps 8.7 GB · epoch ETA 0.63 h
[08:41:23] epoch 4/4 · 8,000/11,670 tickets · loss 0.0070 (last 100: ce 0.016, rl -0.068) · mps 8.7 GB · epoch ETA 0.59 h
[08:43:17] epoch 4/4 · 8,200/11,670 tickets · loss 0.0073 (last 100: ce 0.020, rl -0.021) · mps 8.7 GB · epoch ETA 0.56 h
[08:45:17] epoch 4/4 · 8,400/11,670 tickets · loss 0.0071 (last 100: ce 0.000, rl -0.069) · mps 8.7 GB · epoch ETA 0.53 h
[08:47:13] epoch 4/4 · 8,600/11,670 tickets · loss 0.0069 (last 100: ce 0.000, rl -0.038) · mps 8.7 GB · epoch ETA 0.50 h
[08:49:09] epoch 4/4 · 8,800/11,670 tickets · loss 0.0068 (last 100: ce 0.001, rl -0.020) · mps 8.7 GB · epoch ETA 0.46 h
[08:51:04] epoch 4/4 · 9,000/11,670 tickets · loss 0.0067 (last 100: ce 0.000, rl -0.035) · mps 8.7 GB · epoch ETA 0.43 h
[08:53:09] epoch 4/4 · 9,200/11,670 tickets · loss 0.0065 (last 100: ce 0.000, rl -0.051) · mps 8.7 GB · epoch ETA 0.40 h
[08:55:05] epoch 4/4 · 9,400/11,670 tickets · loss 0.0064 (last 100: ce 0.001, rl -0.053) · mps 8.7 GB · epoch ETA 0.37 h
[08:57:01] epoch 4/4 · 9,600/11,670 tickets · loss 0.0065 (last 100: ce 0.011, rl -0.096) · mps 8.7 GB · epoch ETA 0.34 h
[08:59:00] epoch 4/4 · 9,800/11,670 tickets · loss 0.0064 (last 100: ce 0.001, rl +0.034) · mps 8.7 GB · epoch ETA 0.30 h
[09:00:58] epoch 4/4 · 10,000/11,670 tickets · loss 0.0065 (last 100: ce 0.012, rl -0.072) · mps 8.7 GB · epoch ETA 0.27 h
[09:02:51] epoch 4/4 · 10,200/11,670 tickets · loss 0.0073 (last 100: ce 0.048, rl +0.013) · mps 8.7 GB · epoch ETA 0.24 h
[09:04:47] epoch 4/4 · 10,400/11,670 tickets · loss 0.0072 (last 100: ce 0.000, rl -0.052) · mps 8.7 GB · epoch ETA 0.21 h
[09:06:43] epoch 4/4 · 10,600/11,670 tickets · loss 0.0071 (last 100: ce 0.002, rl -0.027) · mps 8.7 GB · epoch ETA 0.17 h
[09:08:38] epoch 4/4 · 10,800/11,670 tickets · loss 0.0069 (last 100: ce 0.000, rl +0.022) · mps 8.7 GB · epoch ETA 0.14 h
[09:10:32] epoch 4/4 · 11,000/11,670 tickets · loss 0.0068 (last 100: ce 0.002, rl -0.069) · mps 8.7 GB · epoch ETA 0.11 h
[09:12:32] epoch 4/4 · 11,200/11,670 tickets · loss 0.0067 (last 100: ce 0.000, rl -0.069) · mps 8.7 GB · epoch ETA 0.08 h
[09:14:25] epoch 4/4 · 11,400/11,670 tickets · loss 0.0068 (last 100: ce 0.014, rl -0.024) · mps 8.7 GB · epoch ETA 0.04 h
[09:16:20] epoch 4/4 · 11,600/11,670 tickets · loss 0.0068 (last 100: ce 0.002, rl -0.057) · mps 8.7 GB · epoch ETA 0.01 h
[09:21:16] EPOCH 4 done · 1.89 h · 365 updates · avg loss 0.0067 · validation accuracy 0.7935 (0.104 s/ticket) · saved checkpoints/seed43/epoch4
[09:21:16] DONE
