Fetching 6 files:   0%|          | 0/6 [00:00<?, ?it/s]Fetching 6 files: 100%|██████████| 6/6 [00:00<00:00, 2547.66it/s]
[04:10:09] device=mps seed=42 train=11,670 val=2,334 micro_batch=2 grad_accum=16 epochs=4 updates=1,460 warmup=146 lr_scale=1.0 rl=False checkpointing=True abort=True
[04:12:20] epoch 1/4 · 200/11,670 tickets · loss 0.4524 (last 100: ce 0.452, rl -0.051) · mps 8.7 GB · epoch ETA 2.08 h
[04:14:29] epoch 1/4 · 400/11,670 tickets · loss 0.4224 (last 100: ce 0.392, rl -0.050) · mps 8.7 GB · epoch ETA 2.03 h
[04:16:38] epoch 1/4 · 600/11,670 tickets · loss 0.4057 (last 100: ce 0.372, rl -0.077) · mps 8.7 GB · epoch ETA 1.99 h
[04:18:55] epoch 1/4 · 800/11,670 tickets · loss 0.4095 (last 100: ce 0.421, rl -0.066) · mps 8.7 GB · epoch ETA 1.98 h
[04:21:05] epoch 1/4 · 1,000/11,670 tickets · loss 0.4092 (last 100: ce 0.408, rl -0.006) · mps 8.7 GB · epoch ETA 1.94 h
[04:23:19] epoch 1/4 · 1,200/11,670 tickets · loss 0.3984 (last 100: ce 0.345, rl -0.064) · mps 8.7 GB · epoch ETA 1.91 h
[04:25:32] epoch 1/4 · 1,400/11,670 tickets · loss 0.4008 (last 100: ce 0.415, rl +0.018) · mps 8.7 GB · epoch ETA 1.88 h
[04:27:43] epoch 1/4 · 1,600/11,670 tickets · loss 0.3928 (last 100: ce 0.336, rl -0.129) · mps 8.7 GB · epoch ETA 1.84 h
[04:29:54] epoch 1/4 · 1,800/11,670 tickets · loss 0.3987 (last 100: ce 0.446, rl -0.090) · mps 8.7 GB · epoch ETA 1.80 h
[04:32:05] epoch 1/4 · 2,000/11,670 tickets · loss 0.3938 (last 100: ce 0.350, rl +0.006) · mps 8.7 GB · epoch ETA 1.77 h
[04:34:14] epoch 1/4 · 2,200/11,670 tickets · loss 0.3945 (last 100: ce 0.402, rl -0.137) · mps 8.7 GB · epoch ETA 1.73 h
[04:36:27] epoch 1/4 · 2,400/11,670 tickets · loss 0.3951 (last 100: ce 0.401, rl +0.060) · mps 8.7 GB · epoch ETA 1.69 h
[04:38:39] epoch 1/4 · 2,600/11,670 tickets · loss 0.3911 (last 100: ce 0.343, rl +0.002) · mps 8.7 GB · epoch ETA 1.66 h
[04:40:53] epoch 1/4 · 2,800/11,670 tickets · loss 0.3933 (last 100: ce 0.422, rl -0.049) · mps 8.7 GB · epoch ETA 1.62 h
[04:43:07] epoch 1/4 · 3,000/11,670 tickets · loss 0.3921 (last 100: ce 0.376, rl -0.046) · mps 8.7 GB · epoch ETA 1.59 h
[04:45:21] epoch 1/4 · 3,200/11,670 tickets · loss 0.3886 (last 100: ce 0.336, rl +0.013) · mps 8.7 GB · epoch ETA 1.55 h
[04:47:31] epoch 1/4 · 3,400/11,670 tickets · loss 0.3865 (last 100: ce 0.352, rl -0.072) · mps 8.7 GB · epoch ETA 1.51 h
[04:49:43] epoch 1/4 · 3,600/11,670 tickets · loss 0.3860 (last 100: ce 0.378, rl -0.150) · mps 8.7 GB · epoch ETA 1.48 h
[04:51:54] epoch 1/4 · 3,800/11,670 tickets · loss 0.3864 (last 100: ce 0.394, rl -0.045) · mps 8.7 GB · epoch ETA 1.44 h
[04:54:07] epoch 1/4 · 4,000/11,670 tickets · loss 0.3848 (last 100: ce 0.354, rl -0.129) · mps 8.7 GB · epoch ETA 1.41 h
[04:56:17] epoch 1/4 · 4,200/11,670 tickets · loss 0.3863 (last 100: ce 0.417, rl -0.088) · mps 8.7 GB · epoch ETA 1.37 h
[04:58:31] epoch 1/4 · 4,400/11,670 tickets · loss 0.3827 (last 100: ce 0.308, rl -0.049) · mps 8.7 GB · epoch ETA 1.33 h
[05:00:46] epoch 1/4 · 4,600/11,670 tickets · loss 0.3806 (last 100: ce 0.334, rl -0.031) · mps 8.7 GB · epoch ETA 1.30 h
[05:02:55] epoch 1/4 · 4,800/11,670 tickets · loss 0.3785 (last 100: ce 0.331, rl -0.077) · mps 8.7 GB · epoch ETA 1.26 h
[05:05:13] epoch 1/4 · 5,000/11,670 tickets · loss 0.3768 (last 100: ce 0.335, rl -0.052) · mps 8.7 GB · epoch ETA 1.22 h
[05:07:26] epoch 1/4 · 5,200/11,670 tickets · loss 0.3756 (last 100: ce 0.346, rl -0.017) · mps 8.7 GB · epoch ETA 1.19 h
[05:09:40] epoch 1/4 · 5,400/11,670 tickets · loss 0.3737 (last 100: ce 0.323, rl -0.046) · mps 8.7 GB · epoch ETA 1.15 h
[05:11:52] epoch 1/4 · 5,600/11,670 tickets · loss 0.3739 (last 100: ce 0.380, rl -0.074) · mps 8.7 GB · epoch ETA 1.11 h
[05:14:02] epoch 1/4 · 5,800/11,670 tickets · loss 0.3728 (last 100: ce 0.343, rl -0.038) · mps 8.7 GB · epoch ETA 1.08 h
[05:16:15] epoch 1/4 · 6,000/11,670 tickets · loss 0.3723 (last 100: ce 0.356, rl -0.023) · mps 8.7 GB · epoch ETA 1.04 h
[05:18:29] epoch 1/4 · 6,200/11,670 tickets · loss 0.3738 (last 100: ce 0.419, rl -0.067) · mps 8.7 GB · epoch ETA 1.00 h
[05:20:40] epoch 1/4 · 6,400/11,670 tickets · loss 0.3727 (last 100: ce 0.341, rl -0.092) · mps 8.7 GB · epoch ETA 0.97 h
[05:22:53] epoch 1/4 · 6,600/11,670 tickets · loss 0.3744 (last 100: ce 0.427, rl -0.121) · mps 8.7 GB · epoch ETA 0.93 h
[05:25:07] epoch 1/4 · 6,800/11,670 tickets · loss 0.3753 (last 100: ce 0.404, rl -0.029) · mps 8.7 GB · epoch ETA 0.89 h
[05:27:16] epoch 1/4 · 7,000/11,670 tickets · loss 0.3755 (last 100: ce 0.385, rl -0.140) · mps 8.7 GB · epoch ETA 0.86 h
[05:29:28] epoch 1/4 · 7,200/11,670 tickets · loss 0.3774 (last 100: ce 0.441, rl +0.012) · mps 8.7 GB · epoch ETA 0.82 h
[05:31:40] epoch 1/4 · 7,400/11,670 tickets · loss 0.3779 (last 100: ce 0.399, rl -0.025) · mps 8.7 GB · epoch ETA 0.78 h
[05:33:59] epoch 1/4 · 7,600/11,670 tickets · loss 0.3771 (last 100: ce 0.344, rl -0.090) · mps 8.7 GB · epoch ETA 0.75 h
[05:36:10] epoch 1/4 · 7,800/11,670 tickets · loss 0.3780 (last 100: ce 0.414, rl -0.088) · mps 8.7 GB · epoch ETA 0.71 h
[05:38:20] epoch 1/4 · 8,000/11,670 tickets · loss 0.3769 (last 100: ce 0.334, rl -0.108) · mps 8.7 GB · epoch ETA 0.67 h
[05:40:28] epoch 1/4 · 8,200/11,670 tickets · loss 0.3758 (last 100: ce 0.331, rl +0.063) · mps 8.7 GB · epoch ETA 0.64 h
[05:42:36] epoch 1/4 · 8,400/11,670 tickets · loss 0.3762 (last 100: ce 0.393, rl +0.006) · mps 8.7 GB · epoch ETA 0.60 h
[05:44:41] epoch 1/4 · 8,600/11,670 tickets · loss 0.3750 (last 100: ce 0.327, rl -0.081) · mps 8.7 GB · epoch ETA 0.56 h
[05:46:53] epoch 1/4 · 8,800/11,670 tickets · loss 0.3750 (last 100: ce 0.374, rl -0.049) · mps 8.7 GB · epoch ETA 0.53 h
[05:49:08] epoch 1/4 · 9,000/11,670 tickets · loss 0.3736 (last 100: ce 0.314, rl -0.048) · mps 8.7 GB · epoch ETA 0.49 h
[05:51:21] epoch 1/4 · 9,200/11,670 tickets · loss 0.3716 (last 100: ce 0.282, rl -0.066) · mps 8.7 GB · epoch ETA 0.45 h
[05:53:32] epoch 1/4 · 9,400/11,670 tickets · loss 0.3699 (last 100: ce 0.290, rl -0.016) · mps 8.7 GB · epoch ETA 0.42 h
[05:55:49] epoch 1/4 · 9,600/11,670 tickets · loss 0.3691 (last 100: ce 0.330, rl +0.038) · mps 8.7 GB · epoch ETA 0.38 h
[05:57:56] epoch 1/4 · 9,800/11,670 tickets · loss 0.3694 (last 100: ce 0.387, rl -0.016) · mps 8.7 GB · epoch ETA 0.34 h
[06:00:09] epoch 1/4 · 10,000/11,670 tickets · loss 0.3681 (last 100: ce 0.303, rl -0.059) · mps 8.7 GB · epoch ETA 0.31 h
[06:02:31] epoch 1/4 · 10,200/11,670 tickets · loss 0.3683 (last 100: ce 0.375, rl -0.101) · mps 8.7 GB · epoch ETA 0.27 h
[06:04:56] epoch 1/4 · 10,400/11,670 tickets · loss 0.3685 (last 100: ce 0.380, rl -0.062) · mps 8.7 GB · epoch ETA 0.23 h
[06:07:17] epoch 1/4 · 10,600/11,670 tickets · loss 0.3681 (last 100: ce 0.346, rl -0.098) · mps 8.7 GB · epoch ETA 0.20 h
[06:09:47] epoch 1/4 · 10,800/11,670 tickets · loss 0.3674 (last 100: ce 0.333, rl +0.036) · mps 8.7 GB · epoch ETA 0.16 h
[06:12:09] epoch 1/4 · 11,000/11,670 tickets · loss 0.3672 (last 100: ce 0.358, rl -0.087) · mps 8.7 GB · epoch ETA 0.12 h
[06:14:24] epoch 1/4 · 11,200/11,670 tickets · loss 0.3670 (last 100: ce 0.355, rl +0.055) · mps 8.7 GB · epoch ETA 0.09 h
[06:16:32] epoch 1/4 · 11,400/11,670 tickets · loss 0.3659 (last 100: ce 0.303, rl -0.054) · mps 8.7 GB · epoch ETA 0.05 h
[06:18:46] epoch 1/4 · 11,600/11,670 tickets · loss 0.3653 (last 100: ce 0.333, rl -0.023) · mps 8.7 GB · epoch ETA 0.01 h
[06:24:28] EPOCH 1 done · 2.16 h · 365 updates · avg loss 0.3652 · validation accuracy 0.7644 (0.121 s/ticket) · saved checkpoints/seed42/epoch1
[06:26:44] epoch 2/4 · 200/11,670 tickets · loss 0.3017 (last 100: ce 0.302, rl -0.018) · mps 8.7 GB · epoch ETA 2.17 h
[06:28:55] epoch 2/4 · 400/11,670 tickets · loss 0.2615 (last 100: ce 0.221, rl -0.107) · mps 8.7 GB · epoch ETA 2.09 h
[06:31:05] epoch 2/4 · 600/11,670 tickets · loss 0.3136 (last 100: ce 0.418, rl -0.076) · mps 8.7 GB · epoch ETA 2.03 h
[06:33:13] epoch 2/4 · 800/11,670 tickets · loss 0.3081 (last 100: ce 0.292, rl -0.066) · mps 8.7 GB · epoch ETA 1.98 h
[06:35:21] epoch 2/4 · 1,000/11,670 tickets · loss 0.2854 (last 100: ce 0.195, rl -0.082) · mps 8.7 GB · epoch ETA 1.94 h
[06:37:31] epoch 2/4 · 1,200/11,670 tickets · loss 0.2826 (last 100: ce 0.268, rl +0.011) · mps 8.7 GB · epoch ETA 1.90 h
[06:39:36] epoch 2/4 · 1,400/11,670 tickets · loss 0.2709 (last 100: ce 0.201, rl -0.069) · mps 8.7 GB · epoch ETA 1.85 h
[06:41:43] epoch 2/4 · 1,600/11,670 tickets · loss 0.2711 (last 100: ce 0.272, rl -0.058) · mps 8.7 GB · epoch ETA 1.81 h
[06:43:52] epoch 2/4 · 1,800/11,670 tickets · loss 0.2708 (last 100: ce 0.269, rl -0.077) · mps 8.7 GB · epoch ETA 1.77 h
[06:46:00] epoch 2/4 · 2,000/11,670 tickets · loss 0.2681 (last 100: ce 0.244, rl +0.033) · mps 8.7 GB · epoch ETA 1.74 h
[06:48:11] epoch 2/4 · 2,200/11,670 tickets · loss 0.2566 (last 100: ce 0.141, rl -0.074) · mps 8.7 GB · epoch ETA 1.70 h
[06:50:20] epoch 2/4 · 2,400/11,670 tickets · loss 0.2577 (last 100: ce 0.270, rl +0.028) · mps 8.7 GB · epoch ETA 1.67 h
[06:52:26] epoch 2/4 · 2,600/11,670 tickets · loss 0.2514 (last 100: ce 0.176, rl -0.110) · mps 8.7 GB · epoch ETA 1.63 h
[06:54:35] epoch 2/4 · 2,800/11,670 tickets · loss 0.2546 (last 100: ce 0.296, rl +0.014) · mps 8.7 GB · epoch ETA 1.59 h
[06:56:46] epoch 2/4 · 3,000/11,670 tickets · loss 0.2503 (last 100: ce 0.190, rl +0.040) · mps 8.7 GB · epoch ETA 1.56 h
[06:58:57] epoch 2/4 · 3,200/11,670 tickets · loss 0.2472 (last 100: ce 0.201, rl +0.033) · mps 8.7 GB · epoch ETA 1.52 h
[07:01:02] epoch 2/4 · 3,400/11,670 tickets · loss 0.2474 (last 100: ce 0.250, rl +0.023) · mps 8.7 GB · epoch ETA 1.48 h
[07:03:10] epoch 2/4 · 3,600/11,670 tickets · loss 0.2495 (last 100: ce 0.286, rl -0.027) · mps 8.7 GB · epoch ETA 1.45 h
[07:05:21] epoch 2/4 · 3,800/11,670 tickets · loss 0.2485 (last 100: ce 0.231, rl -0.006) · mps 8.7 GB · epoch ETA 1.41 h
[07:07:30] epoch 2/4 · 4,000/11,670 tickets · loss 0.2454 (last 100: ce 0.186, rl -0.053) · mps 8.7 GB · epoch ETA 1.38 h
[07:09:39] epoch 2/4 · 4,200/11,670 tickets · loss 0.2467 (last 100: ce 0.273, rl -0.107) · mps 8.7 GB · epoch ETA 1.34 h
[07:11:45] epoch 2/4 · 4,400/11,670 tickets · loss 0.2440 (last 100: ce 0.186, rl -0.087) · mps 8.7 GB · epoch ETA 1.30 h
[07:13:52] epoch 2/4 · 4,600/11,670 tickets · loss 0.2420 (last 100: ce 0.199, rl -0.090) · mps 8.7 GB · epoch ETA 1.27 h
[07:16:01] epoch 2/4 · 4,800/11,670 tickets · loss 0.2398 (last 100: ce 0.190, rl -0.012) · mps 8.7 GB · epoch ETA 1.23 h
[07:18:08] epoch 2/4 · 5,000/11,670 tickets · loss 0.2379 (last 100: ce 0.190, rl -0.046) · mps 8.7 GB · epoch ETA 1.19 h
[07:20:15] epoch 2/4 · 5,200/11,670 tickets · loss 0.2363 (last 100: ce 0.198, rl -0.015) · mps 8.7 GB · epoch ETA 1.16 h
[07:22:20] epoch 2/4 · 5,400/11,670 tickets · loss 0.2364 (last 100: ce 0.238, rl -0.063) · mps 8.7 GB · epoch ETA 1.12 h
[07:24:28] epoch 2/4 · 5,600/11,670 tickets · loss 0.2340 (last 100: ce 0.169, rl -0.135) · mps 8.7 GB · epoch ETA 1.08 h
[07:26:35] epoch 2/4 · 5,800/11,670 tickets · loss 0.2319 (last 100: ce 0.174, rl -0.048) · mps 8.7 GB · epoch ETA 1.05 h
[07:28:44] epoch 2/4 · 6,000/11,670 tickets · loss 0.2321 (last 100: ce 0.237, rl -0.065) · mps 8.7 GB · epoch ETA 1.01 h
[07:30:48] epoch 2/4 · 6,200/11,670 tickets · loss 0.2318 (last 100: ce 0.221, rl -0.078) · mps 8.7 GB · epoch ETA 0.98 h
[07:32:58] epoch 2/4 · 6,400/11,670 tickets · loss 0.2313 (last 100: ce 0.217, rl +0.024) · mps 8.7 GB · epoch ETA 0.94 h
[07:35:05] epoch 2/4 · 6,600/11,670 tickets · loss 0.2302 (last 100: ce 0.194, rl -0.097) · mps 8.7 GB · epoch ETA 0.90 h
[07:37:10] epoch 2/4 · 6,800/11,670 tickets · loss 0.2293 (last 100: ce 0.200, rl -0.063) · mps 8.7 GB · epoch ETA 0.87 h
[07:39:18] epoch 2/4 · 7,000/11,670 tickets · loss 0.2277 (last 100: ce 0.175, rl -0.089) · mps 8.7 GB · epoch ETA 0.83 h
[07:41:25] epoch 2/4 · 7,200/11,670 tickets · loss 0.2304 (last 100: ce 0.325, rl -0.018) · mps 8.7 GB · epoch ETA 0.80 h
[07:43:30] epoch 2/4 · 7,400/11,670 tickets · loss 0.2295 (last 100: ce 0.195, rl -0.080) · mps 8.7 GB · epoch ETA 0.76 h
[07:45:38] epoch 2/4 · 7,600/11,670 tickets · loss 0.2297 (last 100: ce 0.239, rl -0.040) · mps 8.7 GB · epoch ETA 0.72 h
[07:47:42] epoch 2/4 · 7,800/11,670 tickets · loss 0.2293 (last 100: ce 0.211, rl -0.079) · mps 8.7 GB · epoch ETA 0.69 h
[07:49:51] epoch 2/4 · 8,000/11,670 tickets · loss 0.2279 (last 100: ce 0.176, rl -0.044) · mps 8.7 GB · epoch ETA 0.65 h
[07:51:56] epoch 2/4 · 8,200/11,670 tickets · loss 0.2286 (last 100: ce 0.256, rl -0.046) · mps 8.7 GB · epoch ETA 0.62 h
[07:54:05] epoch 2/4 · 8,400/11,670 tickets · loss 0.2280 (last 100: ce 0.203, rl +0.001) · mps 8.7 GB · epoch ETA 0.58 h
[07:56:10] epoch 2/4 · 8,600/11,670 tickets · loss 0.2251 (last 100: ce 0.104, rl -0.073) · mps 8.7 GB · epoch ETA 0.55 h
[07:58:21] epoch 2/4 · 8,800/11,670 tickets · loss 0.2242 (last 100: ce 0.184, rl -0.050) · mps 8.7 GB · epoch ETA 0.51 h
[08:00:27] epoch 2/4 · 9,000/11,670 tickets · loss 0.2238 (last 100: ce 0.208, rl +0.009) · mps 8.7 GB · epoch ETA 0.47 h
[08:02:33] epoch 2/4 · 9,200/11,670 tickets · loss 0.2236 (last 100: ce 0.216, rl -0.035) · mps 8.7 GB · epoch ETA 0.44 h
[08:04:38] epoch 2/4 · 9,400/11,670 tickets · loss 0.2230 (last 100: ce 0.192, rl +0.014) · mps 8.7 GB · epoch ETA 0.40 h
[08:06:50] epoch 2/4 · 9,600/11,670 tickets · loss 0.2218 (last 100: ce 0.169, rl -0.010) · mps 8.7 GB · epoch ETA 0.37 h
[08:08:58] epoch 2/4 · 9,800/11,670 tickets · loss 0.2214 (last 100: ce 0.199, rl -0.051) · mps 8.7 GB · epoch ETA 0.33 h
[08:11:05] epoch 2/4 · 10,000/11,670 tickets · loss 0.2206 (last 100: ce 0.180, rl -0.091) · mps 8.7 GB · epoch ETA 0.30 h
[08:13:21] epoch 2/4 · 10,200/11,670 tickets · loss 0.2200 (last 100: ce 0.192, rl -0.019) · mps 8.7 GB · epoch ETA 0.26 h
[08:15:31] epoch 2/4 · 10,400/11,670 tickets · loss 0.2197 (last 100: ce 0.204, rl -0.017) · mps 8.7 GB · epoch ETA 0.23 h
[08:17:46] epoch 2/4 · 10,600/11,670 tickets · loss 0.2180 (last 100: ce 0.130, rl +0.062) · mps 8.7 GB · epoch ETA 0.19 h
[08:19:55] epoch 2/4 · 10,800/11,670 tickets · loss 0.2166 (last 100: ce 0.143, rl -0.071) · mps 8.7 GB · epoch ETA 0.16 h
[08:22:05] epoch 2/4 · 11,000/11,670 tickets · loss 0.2167 (last 100: ce 0.224, rl +0.032) · mps 8.7 GB · epoch ETA 0.12 h
[08:24:16] epoch 2/4 · 11,200/11,670 tickets · loss 0.2168 (last 100: ce 0.221, rl +0.031) · mps 8.7 GB · epoch ETA 0.08 h
[08:26:25] epoch 2/4 · 11,400/11,670 tickets · loss 0.2164 (last 100: ce 0.193, rl -0.087) · mps 8.7 GB · epoch ETA 0.05 h
[08:28:36] epoch 2/4 · 11,600/11,670 tickets · loss 0.2160 (last 100: ce 0.190, rl -0.092) · mps 8.7 GB · epoch ETA 0.01 h
[08:34:08] EPOCH 2 done · 2.08 h · 365 updates · avg loss 0.2160 · validation accuracy 0.7845 (0.117 s/ticket) · saved checkpoints/seed42/epoch2
[08:36:20] epoch 3/4 · 200/11,670 tickets · loss 0.0635 (last 100: ce 0.064, rl -0.068) · mps 8.7 GB · epoch ETA 2.09 h
[08:38:30] epoch 3/4 · 400/11,670 tickets · loss 0.0752 (last 100: ce 0.087, rl -0.096) · mps 8.7 GB · epoch ETA 2.04 h
[08:40:41] epoch 3/4 · 600/11,670 tickets · loss 0.0726 (last 100: ce 0.067, rl -0.030) · mps 8.7 GB · epoch ETA 2.01 h
[08:42:48] epoch 3/4 · 800/11,670 tickets · loss 0.0621 (last 100: ce 0.030, rl -0.057) · mps 8.7 GB · epoch ETA 1.96 h
[08:44:58] epoch 3/4 · 1,000/11,670 tickets · loss 0.0677 (last 100: ce 0.090, rl -0.030) · mps 8.7 GB · epoch ETA 1.93 h
[08:47:10] epoch 3/4 · 1,200/11,670 tickets · loss 0.0650 (last 100: ce 0.051, rl -0.014) · mps 8.7 GB · epoch ETA 1.89 h
[08:49:19] epoch 3/4 · 1,400/11,670 tickets · loss 0.0668 (last 100: ce 0.077, rl -0.050) · mps 8.7 GB · epoch ETA 1.86 h
[08:51:28] epoch 3/4 · 1,600/11,670 tickets · loss 0.0681 (last 100: ce 0.077, rl -0.095) · mps 8.7 GB · epoch ETA 1.82 h
[08:53:40] epoch 3/4 · 1,800/11,670 tickets · loss 0.0659 (last 100: ce 0.048, rl -0.084) · mps 8.7 GB · epoch ETA 1.78 h
[08:55:51] epoch 3/4 · 2,000/11,670 tickets · loss 0.0652 (last 100: ce 0.059, rl -0.053) · mps 8.7 GB · epoch ETA 1.75 h
[08:57:59] epoch 3/4 · 2,200/11,670 tickets · loss 0.0639 (last 100: ce 0.052, rl -0.068) · mps 8.7 GB · epoch ETA 1.71 h
[09:00:10] epoch 3/4 · 2,400/11,670 tickets · loss 0.0683 (last 100: ce 0.117, rl -0.078) · mps 8.7 GB · epoch ETA 1.68 h
[09:02:19] epoch 3/4 · 2,600/11,670 tickets · loss 0.0664 (last 100: ce 0.043, rl +0.030) · mps 8.7 GB · epoch ETA 1.64 h
[09:04:26] epoch 3/4 · 2,800/11,670 tickets · loss 0.0640 (last 100: ce 0.034, rl +0.000) · mps 8.7 GB · epoch ETA 1.60 h
[09:06:36] epoch 3/4 · 3,000/11,670 tickets · loss 0.0630 (last 100: ce 0.048, rl -0.164) · mps 8.7 GB · epoch ETA 1.56 h
[09:08:45] epoch 3/4 · 3,200/11,670 tickets · loss 0.0678 (last 100: ce 0.140, rl -0.068) · mps 8.7 GB · epoch ETA 1.53 h
[09:10:50] epoch 3/4 · 3,400/11,670 tickets · loss 0.0670 (last 100: ce 0.055, rl -0.087) · mps 8.7 GB · epoch ETA 1.49 h
[09:12:59] epoch 3/4 · 3,600/11,670 tickets · loss 0.0670 (last 100: ce 0.067, rl -0.008) · mps 8.7 GB · epoch ETA 1.45 h
[09:15:09] epoch 3/4 · 3,800/11,670 tickets · loss 0.0676 (last 100: ce 0.078, rl -0.123) · mps 8.7 GB · epoch ETA 1.42 h
[09:17:22] epoch 3/4 · 4,000/11,670 tickets · loss 0.0646 (last 100: ce 0.007, rl -0.077) · mps 8.7 GB · epoch ETA 1.38 h
[09:19:31] epoch 3/4 · 4,200/11,670 tickets · loss 0.0637 (last 100: ce 0.047, rl -0.015) · mps 8.7 GB · epoch ETA 1.35 h
[09:21:39] epoch 3/4 · 4,400/11,670 tickets · loss 0.0630 (last 100: ce 0.048, rl -0.054) · mps 8.7 GB · epoch ETA 1.31 h
[09:23:52] epoch 3/4 · 4,600/11,670 tickets · loss 0.0619 (last 100: ce 0.038, rl -0.021) · mps 8.7 GB · epoch ETA 1.27 h
[09:26:04] epoch 3/4 · 4,800/11,670 tickets · loss 0.0628 (last 100: ce 0.082, rl -0.029) · mps 8.7 GB · epoch ETA 1.24 h
[09:28:14] epoch 3/4 · 5,000/11,670 tickets · loss 0.0613 (last 100: ce 0.026, rl -0.016) · mps 8.7 GB · epoch ETA 1.20 h
[09:30:25] epoch 3/4 · 5,200/11,670 tickets · loss 0.0601 (last 100: ce 0.029, rl -0.057) · mps 8.7 GB · epoch ETA 1.17 h
[09:32:35] epoch 3/4 · 5,400/11,670 tickets · loss 0.0598 (last 100: ce 0.053, rl +0.013) · mps 8.7 GB · epoch ETA 1.13 h
[09:34:47] epoch 3/4 · 5,600/11,670 tickets · loss 0.0596 (last 100: ce 0.053, rl -0.035) · mps 8.7 GB · epoch ETA 1.10 h
[09:36:56] epoch 3/4 · 5,800/11,670 tickets · loss 0.0599 (last 100: ce 0.070, rl +0.010) · mps 8.7 GB · epoch ETA 1.06 h
[09:39:06] epoch 3/4 · 6,000/11,670 tickets · loss 0.0585 (last 100: ce 0.017, rl -0.029) · mps 8.7 GB · epoch ETA 1.02 h
[09:41:15] epoch 3/4 · 6,200/11,670 tickets · loss 0.0597 (last 100: ce 0.096, rl -0.044) · mps 8.7 GB · epoch ETA 0.99 h
[09:43:29] epoch 3/4 · 6,400/11,670 tickets · loss 0.0601 (last 100: ce 0.072, rl -0.130) · mps 8.7 GB · epoch ETA 0.95 h
[09:45:41] epoch 3/4 · 6,600/11,670 tickets · loss 0.0618 (last 100: ce 0.118, rl -0.040) · mps 8.7 GB · epoch ETA 0.92 h
[09:47:51] epoch 3/4 · 6,800/11,670 tickets · loss 0.0632 (last 100: ce 0.110, rl -0.049) · mps 8.7 GB · epoch ETA 0.88 h
[09:50:03] epoch 3/4 · 7,000/11,670 tickets · loss 0.0644 (last 100: ce 0.103, rl +0.039) · mps 8.7 GB · epoch ETA 0.84 h
[09:52:13] epoch 3/4 · 7,200/11,670 tickets · loss 0.0646 (last 100: ce 0.073, rl -0.034) · mps 8.7 GB · epoch ETA 0.81 h
[09:54:25] epoch 3/4 · 7,400/11,670 tickets · loss 0.0633 (last 100: ce 0.018, rl -0.079) · mps 8.7 GB · epoch ETA 0.77 h
[09:56:38] epoch 3/4 · 7,600/11,670 tickets · loss 0.0629 (last 100: ce 0.047, rl -0.036) · mps 8.7 GB · epoch ETA 0.74 h
[09:58:51] epoch 3/4 · 7,800/11,670 tickets · loss 0.0630 (last 100: ce 0.065, rl -0.042) · mps 8.7 GB · epoch ETA 0.70 h
[10:01:05] epoch 3/4 · 8,000/11,670 tickets · loss 0.0617 (last 100: ce 0.013, rl +0.002) · mps 8.7 GB · epoch ETA 0.66 h
[10:03:16] epoch 3/4 · 8,200/11,670 tickets · loss 0.0607 (last 100: ce 0.021, rl -0.102) · mps 8.7 GB · epoch ETA 0.63 h
[10:05:29] epoch 3/4 · 8,400/11,670 tickets · loss 0.0604 (last 100: ce 0.044, rl -0.033) · mps 8.7 GB · epoch ETA 0.59 h
[10:07:41] epoch 3/4 · 8,600/11,670 tickets · loss 0.0597 (last 100: ce 0.030, rl -0.033) · mps 8.7 GB · epoch ETA 0.56 h
[10:09:57] epoch 3/4 · 8,800/11,670 tickets · loss 0.0585 (last 100: ce 0.007, rl -0.098) · mps 8.7 GB · epoch ETA 0.52 h
[10:12:07] epoch 3/4 · 9,000/11,670 tickets · loss 0.0574 (last 100: ce 0.010, rl -0.086) · mps 8.7 GB · epoch ETA 0.48 h
[10:14:17] epoch 3/4 · 9,200/11,670 tickets · loss 0.0566 (last 100: ce 0.023, rl -0.021) · mps 8.7 GB · epoch ETA 0.45 h
[10:16:30] epoch 3/4 · 9,400/11,670 tickets · loss 0.0575 (last 100: ce 0.100, rl -0.085) · mps 8.7 GB · epoch ETA 0.41 h
[10:18:46] epoch 3/4 · 9,600/11,670 tickets · loss 0.0594 (last 100: ce 0.146, rl -0.081) · mps 8.7 GB · epoch ETA 0.38 h
[10:20:56] epoch 3/4 · 9,800/11,670 tickets · loss 0.0597 (last 100: ce 0.076, rl +0.017) · mps 8.7 GB · epoch ETA 0.34 h
[10:23:12] epoch 3/4 · 10,000/11,670 tickets · loss 0.0600 (last 100: ce 0.074, rl -0.112) · mps 8.7 GB · epoch ETA 0.30 h
[10:25:30] epoch 3/4 · 10,200/11,670 tickets · loss 0.0597 (last 100: ce 0.042, rl -0.076) · mps 8.7 GB · epoch ETA 0.27 h
[10:27:44] epoch 3/4 · 10,400/11,670 tickets · loss 0.0594 (last 100: ce 0.047, rl -0.148) · mps 8.7 GB · epoch ETA 0.23 h
[10:29:55] epoch 3/4 · 10,600/11,670 tickets · loss 0.0586 (last 100: ce 0.016, rl +0.015) · mps 8.7 GB · epoch ETA 0.19 h
[10:32:06] epoch 3/4 · 10,800/11,670 tickets · loss 0.0588 (last 100: ce 0.071, rl +0.014) · mps 8.7 GB · epoch ETA 0.16 h
[10:34:24] epoch 3/4 · 11,000/11,670 tickets · loss 0.0579 (last 100: ce 0.008, rl -0.052) · mps 8.7 GB · epoch ETA 0.12 h
[10:36:38] epoch 3/4 · 11,200/11,670 tickets · loss 0.0574 (last 100: ce 0.028, rl -0.049) · mps 8.7 GB · epoch ETA 0.09 h
[10:38:46] epoch 3/4 · 11,400/11,670 tickets · loss 0.0565 (last 100: ce 0.008, rl +0.047) · mps 8.7 GB · epoch ETA 0.05 h
[10:41:04] epoch 3/4 · 11,600/11,670 tickets · loss 0.0565 (last 100: ce 0.055, rl -0.028) · mps 8.7 GB · epoch ETA 0.01 h
[10:46:50] EPOCH 3 done · 2.13 h · 365 updates · avg loss 0.0562 · validation accuracy 0.7986 (0.122 s/ticket) · saved checkpoints/seed42/epoch3
[10:49:10] epoch 4/4 · 200/11,670 tickets · loss 0.0057 (last 100: ce 0.006, rl +0.001) · mps 8.7 GB · epoch ETA 2.23 h
[10:51:34] epoch 4/4 · 400/11,670 tickets · loss 0.0031 (last 100: ce 0.001, rl -0.021) · mps 8.7 GB · epoch ETA 2.22 h
[10:53:55] epoch 4/4 · 600/11,670 tickets · loss 0.0032 (last 100: ce 0.003, rl -0.077) · mps 8.7 GB · epoch ETA 2.18 h
[10:56:17] epoch 4/4 · 800/11,670 tickets · loss 0.0025 (last 100: ce 0.000, rl -0.027) · mps 8.7 GB · epoch ETA 2.14 h
[10:58:34] epoch 4/4 · 1,000/11,670 tickets · loss 0.0021 (last 100: ce 0.000, rl +0.030) · mps 8.7 GB · epoch ETA 2.09 h
[11:00:58] epoch 4/4 · 1,200/11,670 tickets · loss 0.0018 (last 100: ce 0.000, rl -0.054) · mps 8.7 GB · epoch ETA 2.06 h
[11:03:16] epoch 4/4 · 1,400/11,670 tickets · loss 0.0021 (last 100: ce 0.004, rl -0.052) · mps 8.7 GB · epoch ETA 2.01 h
[11:05:40] epoch 4/4 · 1,600/11,670 tickets · loss 0.0037 (last 100: ce 0.015, rl -0.006) · mps 8.7 GB · epoch ETA 1.98 h
[11:08:14] epoch 4/4 · 1,800/11,670 tickets · loss 0.0033 (last 100: ce 0.000, rl -0.037) · mps 8.7 GB · epoch ETA 1.96 h
[11:10:42] epoch 4/4 · 2,000/11,670 tickets · loss 0.0040 (last 100: ce 0.011, rl -0.005) · mps 8.7 GB · epoch ETA 1.92 h
[11:13:15] epoch 4/4 · 2,200/11,670 tickets · loss 0.0047 (last 100: ce 0.012, rl -0.043) · mps 8.7 GB · epoch ETA 1.90 h
[11:15:50] epoch 4/4 · 2,400/11,670 tickets · loss 0.0043 (last 100: ce 0.000, rl -0.011) · mps 8.7 GB · epoch ETA 1.87 h
[11:18:27] epoch 4/4 · 2,600/11,670 tickets · loss 0.0041 (last 100: ce 0.001, rl +0.008) · mps 8.7 GB · epoch ETA 1.84 h
[11:20:59] epoch 4/4 · 2,800/11,670 tickets · loss 0.0040 (last 100: ce 0.003, rl -0.003) · mps 8.7 GB · epoch ETA 1.80 h
[11:23:32] epoch 4/4 · 3,000/11,670 tickets · loss 0.0037 (last 100: ce 0.000, rl -0.103) · mps 8.7 GB · epoch ETA 1.77 h
[11:26:05] epoch 4/4 · 3,200/11,670 tickets · loss 0.0035 (last 100: ce 0.000, rl -0.039) · mps 8.7 GB · epoch ETA 1.73 h
[11:28:27] epoch 4/4 · 3,400/11,670 tickets · loss 0.0033 (last 100: ce 0.000, rl +0.022) · mps 8.7 GB · epoch ETA 1.69 h
[11:30:46] epoch 4/4 · 3,600/11,670 tickets · loss 0.0035 (last 100: ce 0.007, rl -0.006) · mps 8.7 GB · epoch ETA 1.64 h
[11:33:09] epoch 4/4 · 3,800/11,670 tickets · loss 0.0034 (last 100: ce 0.001, rl -0.036) · mps 8.7 GB · epoch ETA 1.60 h
[11:35:31] epoch 4/4 · 4,000/11,670 tickets · loss 0.0032 (last 100: ce 0.000, rl -0.046) · mps 8.7 GB · epoch ETA 1.56 h
[11:37:54] epoch 4/4 · 4,200/11,670 tickets · loss 0.0031 (last 100: ce 0.000, rl -0.070) · mps 8.7 GB · epoch ETA 1.51 h
[11:40:18] epoch 4/4 · 4,400/11,670 tickets · loss 0.0038 (last 100: ce 0.018, rl -0.045) · mps 8.7 GB · epoch ETA 1.47 h
[11:42:39] epoch 4/4 · 4,600/11,670 tickets · loss 0.0036 (last 100: ce 0.000, rl -0.056) · mps 8.7 GB · epoch ETA 1.43 h
[11:45:09] epoch 4/4 · 4,800/11,670 tickets · loss 0.0035 (last 100: ce 0.000, rl +0.029) · mps 8.7 GB · epoch ETA 1.39 h
[11:47:36] epoch 4/4 · 5,000/11,670 tickets · loss 0.0033 (last 100: ce 0.000, rl -0.058) · mps 8.7 GB · epoch ETA 1.35 h
[11:50:01] epoch 4/4 · 5,200/11,670 tickets · loss 0.0032 (last 100: ce 0.000, rl -0.042) · mps 8.7 GB · epoch ETA 1.31 h
[11:52:27] epoch 4/4 · 5,400/11,670 tickets · loss 0.0031 (last 100: ce 0.000, rl -0.032) · mps 8.7 GB · epoch ETA 1.27 h
[11:54:54] epoch 4/4 · 5,600/11,670 tickets · loss 0.0030 (last 100: ce 0.000, rl -0.015) · mps 8.7 GB · epoch ETA 1.23 h
[11:57:23] epoch 4/4 · 5,800/11,670 tickets · loss 0.0029 (last 100: ce 0.000, rl +0.003) · mps 8.7 GB · epoch ETA 1.19 h
[11:59:48] epoch 4/4 · 6,000/11,670 tickets · loss 0.0028 (last 100: ce 0.000, rl -0.040) · mps 8.7 GB · epoch ETA 1.15 h
[12:02:11] epoch 4/4 · 6,200/11,670 tickets · loss 0.0027 (last 100: ce 0.001, rl -0.009) · mps 8.7 GB · epoch ETA 1.11 h
[12:04:36] epoch 4/4 · 6,400/11,670 tickets · loss 0.0026 (last 100: ce 0.000, rl -0.034) · mps 8.7 GB · epoch ETA 1.07 h
[12:07:02] epoch 4/4 · 6,600/11,670 tickets · loss 0.0026 (last 100: ce 0.000, rl +0.016) · mps 8.7 GB · epoch ETA 1.03 h
[12:09:25] epoch 4/4 · 6,800/11,670 tickets · loss 0.0027 (last 100: ce 0.006, rl -0.042) · mps 8.7 GB · epoch ETA 0.99 h
[12:11:52] epoch 4/4 · 7,000/11,670 tickets · loss 0.0041 (last 100: ce 0.053, rl -0.053) · mps 8.7 GB · epoch ETA 0.95 h
[12:14:37] epoch 4/4 · 7,200/11,670 tickets · loss 0.0040 (last 100: ce 0.000, rl -0.075) · mps 8.7 GB · epoch ETA 0.91 h
[12:17:28] epoch 4/4 · 7,400/11,670 tickets · loss 0.0039 (last 100: ce 0.000, rl -0.028) · mps 8.7 GB · epoch ETA 0.87 h
[12:20:24] epoch 4/4 · 7,600/11,670 tickets · loss 0.0041 (last 100: ce 0.012, rl +0.006) · mps 8.7 GB · epoch ETA 0.84 h
[12:23:24] epoch 4/4 · 7,800/11,670 tickets · loss 0.0040 (last 100: ce 0.000, rl -0.021) · mps 8.7 GB · epoch ETA 0.80 h
[12:26:00] epoch 4/4 · 8,000/11,670 tickets · loss 0.0041 (last 100: ce 0.008, rl -0.050) · mps 8.7 GB · epoch ETA 0.76 h
[12:28:29] epoch 4/4 · 8,200/11,670 tickets · loss 0.0040 (last 100: ce 0.000, rl +0.022) · mps 8.7 GB · epoch ETA 0.72 h
[12:31:00] epoch 4/4 · 8,400/11,670 tickets · loss 0.0039 (last 100: ce 0.002, rl +0.013) · mps 8.7 GB · epoch ETA 0.68 h
[12:33:34] epoch 4/4 · 8,600/11,670 tickets · loss 0.0039 (last 100: ce 0.000, rl -0.026) · mps 8.7 GB · epoch ETA 0.64 h
[12:36:07] epoch 4/4 · 8,800/11,670 tickets · loss 0.0038 (last 100: ce 0.001, rl -0.002) · mps 8.7 GB · epoch ETA 0.59 h
[12:38:39] epoch 4/4 · 9,000/11,670 tickets · loss 0.0037 (last 100: ce 0.001, rl -0.044) · mps 8.7 GB · epoch ETA 0.55 h
[12:41:14] epoch 4/4 · 9,200/11,670 tickets · loss 0.0036 (last 100: ce 0.000, rl -0.021) · mps 8.7 GB · epoch ETA 0.51 h
[12:43:57] epoch 4/4 · 9,400/11,670 tickets · loss 0.0036 (last 100: ce 0.000, rl +0.004) · mps 8.7 GB · epoch ETA 0.47 h
[12:46:44] epoch 4/4 · 9,600/11,670 tickets · loss 0.0036 (last 100: ce 0.003, rl -0.083) · mps 8.7 GB · epoch ETA 0.43 h
[12:49:42] epoch 4/4 · 9,800/11,670 tickets · loss 0.0035 (last 100: ce 0.000, rl -0.034) · mps 8.7 GB · epoch ETA 0.39 h
[12:52:20] epoch 4/4 · 10,000/11,670 tickets · loss 0.0034 (last 100: ce 0.002, rl -0.037) · mps 8.7 GB · epoch ETA 0.35 h
[12:54:33] epoch 4/4 · 10,200/11,670 tickets · loss 0.0034 (last 100: ce 0.001, rl -0.097) · mps 8.7 GB · epoch ETA 0.31 h
[12:56:47] epoch 4/4 · 10,400/11,670 tickets · loss 0.0033 (last 100: ce 0.000, rl -0.044) · mps 8.7 GB · epoch ETA 0.26 h
[12:59:03] epoch 4/4 · 10,600/11,670 tickets · loss 0.0033 (last 100: ce 0.001, rl -0.075) · mps 8.7 GB · epoch ETA 0.22 h
[13:01:18] epoch 4/4 · 10,800/11,670 tickets · loss 0.0032 (last 100: ce 0.001, rl +0.014) · mps 8.7 GB · epoch ETA 0.18 h
[13:03:35] epoch 4/4 · 11,000/11,670 tickets · loss 0.0032 (last 100: ce 0.000, rl -0.012) · mps 8.7 GB · epoch ETA 0.14 h
[13:05:54] epoch 4/4 · 11,200/11,670 tickets · loss 0.0033 (last 100: ce 0.008, rl -0.047) · mps 8.7 GB · epoch ETA 0.10 h
[13:08:11] epoch 4/4 · 11,400/11,670 tickets · loss 0.0032 (last 100: ce 0.000, rl +0.025) · mps 8.7 GB · epoch ETA 0.06 h
[13:10:25] epoch 4/4 · 11,600/11,670 tickets · loss 0.0032 (last 100: ce 0.000, rl -0.041) · mps 8.7 GB · epoch ETA 0.01 h
[13:16:01] EPOCH 4 done · 2.41 h · 365 updates · avg loss 0.0031 · validation accuracy 0.7965 (0.118 s/ticket) · saved checkpoints/seed42/epoch4
[13:16:01] DONE
